17:34:23 [Melodyne-7AYabdxy] Initializing yabridge version fbee6c4b
17:34:23 [Melodyne-7AYabdxy] library:       '/home/samuel/.local/share/yabridge/libyabridge-vst3.so'
17:34:23 [Melodyne-7AYabdxy] host:          '/home/samuel/.local/share/yabridge/yabridge-host.exe'
17:34:23 [Melodyne-7AYabdxy] plugin:        '/home/samuel/.wine/drive_c/Program Files/Common Files/VST3/Celemony/Melodyne/Melodyne.vst3'
17:34:23 [Melodyne-7AYabdxy] plugin type:   'VST3'
17:34:23 [Melodyne-7AYabdxy] realtime:      'no'
17:34:23 [Melodyne-7AYabdxy] sockets:       '/run/user/1000/yabridge-Melodyne-7AYabdxy'
17:34:23 [Melodyne-7AYabdxy] wine prefix:   '/home/samuel/.wine'
17:34:23 [Melodyne-7AYabdxy] wine version:  '9.0 (Ubuntu 9.0~repack-4build3)'
17:34:23 [Melodyne-7AYabdxy] 
17:34:23 [Melodyne-7AYabdxy] config from:   '<defaults>'
17:34:23 [Melodyne-7AYabdxy] hosting mode:  'individually, 64-bit'
17:34:23 [Melodyne-7AYabdxy] other options: '<none>'
17:34:23 [Melodyne-7AYabdxy] 
17:34:23 [Melodyne-7AYabdxy] Enabled features:
17:34:23 [Melodyne-7AYabdxy] - bitbridge support
17:34:23 [Melodyne-7AYabdxy] - CLAP support
17:34:23 [Melodyne-7AYabdxy] - VST3 support
17:34:23 [Melodyne-7AYabdxy] 
17:34:24 [Melodyne-7AYabdxy] [Wine STDERR] Initializing yabridge host version fbee6c4b
17:34:24 [Melodyne-7AYabdxy] [Wine STDERR] Preparing to load VST3 plugin at '/home/samuel/.wine/drive_c/Program Files/Common Files/VST3/Celemony/Melodyne/Melodyne.vst3'
17:34:25 [Melodyne-7AYabdxy] [host -> plugin] >> GetPluginFactory()
17:34:25 [Melodyne-7AYabdxy] [plugin -> host] >> Requesting <Configuration>
17:34:25 [Melodyne-7AYabdxy] [plugin <- host]    <Configuration>
17:34:25 [Melodyne-7AYabdxy] [Wine STDERR] Finished initializing '/home/samuel/.wine/drive_c/Program Files/Common Files/VST3/Celemony/Melodyne/Melodyne.vst3'
17:34:25 [Melodyne-7AYabdxy] [host <- plugin]    <IPluginFactory2* with 2 registered classes>
17:34:25 [Melodyne-7AYabdxy] [query interface] In IPluginFactory::queryInterface(): {0x0007B650, 0xF24B4C0B, 0xA464EDB9, 0xF00B2ABB}
17:34:25 [Melodyne-7AYabdxy] [unknown interface] In IPluginFactory::queryInterface(): {0x4555A2AB, 0xC1234E57, 0x9B122910, 0x36878931}
17:34:25 [Melodyne-7AYabdxy] [host -> plugin] >> IPluginFactory::createInstance(cid = {0x5653544D, 0x6C70676D, 0x656C6F64, 0x796E6520}, _iid = IComponent::iid, &obj)
17:34:25 [Melodyne-7AYabdxy] [Wine STDERR] DETECTED ARA PLUGIN CAPABILITY (ARA::IPlugInEntryPoint)!
17:34:25 [Melodyne-7AYabdxy] [Wine STDERR] DETECTED ARA PLUGIN CAPABILITY (ARA::IPlugInEntryPoint)!
17:34:25 [Melodyne-7AYabdxy] [host <- plugin]    <FUnknown* #0>
17:34:25 [Melodyne-7AYabdxy] [Wine STDERR] DETECTED ARA2 PLUGIN CAPABILITY (ARA::IPlugInEntryPoint2)!
17:34:25 [Melodyne-7AYabdxy] [host -> plugin] >> 0: IPluginBase::initialize(context = <FUnknown*>)
17:34:26 [Melodyne-7AYabdxy] [Wine STDERR] [unknown interface] In FUnknown::queryInterface(): {0x97E507DA, 0xE5594EEA, 0xA5AC4042, 0xE458F2B4}
17:34:26 [Melodyne-7AYabdxy] [Wine STDERR] [query interface] In FUnknown::queryInterface(): {0x58E595CC, 0xDB2D4969, 0x8B6AAF8C, 0x36A664E5}
17:34:26 [Melodyne-7AYabdxy] [plugin -> host] >> 0: IHostApplication::getName(&name)
17:34:26 [Melodyne-7AYabdxy] [plugin <- host]    kResultOk, "libcarla_standalone2"
17:34:26 [Melodyne-7AYabdxy] [Wine STDERR] [unknown interface] In FUnknown::queryInterface(): {0xCC0B7716, 0x362B4EE5, 0x89EE5F41, 0x5458463F}
17:34:26 [Melodyne-7AYabdxy] [Wine STDERR] [unknown interface] In FUnknown::queryInterface(): {0xCEF07C2D, 0x85C843DC, 0xB8C7A67D, 0xC016DC54}
17:34:26 [Melodyne-7AYabdxy] [Wine STDERR] [unknown interface] In FUnknown::queryInterface(): {0xCEF07C2D, 0x85C843DC, 0xB8C7A67D, 0xC016DC54}
17:34:26 [Melodyne-7AYabdxy] [Wine STDERR] [unknown interface] In FUnknown::queryInterface(): {0xEEC89683, 0x80DB4336, 0x9177273E, 0x138A763B}
17:34:26 [Melodyne-7AYabdxy] [Wine STDERR] DETECTED ARA PLUGIN CAPABILITY (ARA::IPlugInEntryPoint)!
17:34:26 [Melodyne-7AYabdxy] [host <- plugin]    kResultOk
17:34:26 [Melodyne-7AYabdxy] [host <- plugin]    kResultOk
17:34:26 [Melodyne-7AYabdxy] [Wine STDERR] DETECTED ARA2 PLUGIN CAPABILITY (ARA::IPlugInEntryPoint2)!
17:34:26 [Melodyne-7AYabdxy] [host -> plugin] >> 0: IComponent::getBusCount(type = 0, dir = 0)
17:34:26 [Melodyne-7AYabdxy] [host <- plugin]    1
17:34:26 [Melodyne-7AYabdxy] [host -> plugin] >> 0: IComponent::getBusInfo(type = 0, dir = 0, index = 0, &bus)
17:34:26 [Melodyne-7AYabdxy] [host <- plugin]    kResultOk, <BusInfo for "Main In" with 2 channels, type = 0, flags = 1>
17:34:26 [Melodyne-7AYabdxy] [host -> plugin] >> 0: IComponent::getBusCount(type = 0, dir = 1)
17:34:26 [Melodyne-7AYabdxy] [host <- plugin]    1
17:34:26 [Melodyne-7AYabdxy] [host -> plugin] >> 0: IComponent::getBusInfo(type = 0, dir = 1, index = 0, &bus)
17:34:26 [Melodyne-7AYabdxy] [host <- plugin]    kResultOk, <BusInfo for "Main Out" with 2 channels, type = 0, flags = 1>
17:34:26 [Melodyne-7AYabdxy] [host -> plugin] >> 0: IPluginBase::terminate()
17:34:26 [Melodyne-7AYabdxy] [host <- plugin]    kResultOk
17:34:26 [Melodyne-7AYabdxy] [host -> plugin] >> 0: FUnknown::~FUnknown()
17:34:26 [Melodyne-7AYabdxy] [host <- plugin]    ACK
17:34:26 [Melodyne-7AYabdxy] [host -> plugin] >> IPluginFactory::createInstance(cid = {0x5653544D, 0x6C70676D, 0x656C6F64, 0x796E6520}, _iid = IComponent::iid, &obj)
17:34:26 [Melodyne-7AYabdxy] [host <- plugin]    <FUnknown* #1>
17:34:26 [Melodyne-7AYabdxy] [host <- plugin]    <FUnknown* #1>
17:34:26 [Melodyne-7AYabdxy] [Wine STDERR] DETECTED ARA PLUGIN CAPABILITY (ARA::IPlugInEntryPoint)!
17:34:26 [Melodyne-7AYabdxy] [Wine STDERR] DETECTED ARA2 PLUGIN CAPABILITY (ARA::IPlugInEntryPoint2)!
17:34:26 [Melodyne-7AYabdxy] [host -> plugin] >> 1: IPluginBase::initialize(context = <FUnknown*>)
17:34:26 [Melodyne-7AYabdxy] [plugin -> host] >> 1: IHostApplication::getName(&name)
17:34:26 [Melodyne-7AYabdxy] [plugin -> host] >> 1: IHostApplication::getName(&name)
17:34:26 [Melodyne-7AYabdxy] [Wine STDERR] [unknown interface] In FUnknown::queryInterface(): {0x97E507DA, 0xE5594EEA, 0xA5AC4042, 0xE458F2B4}
17:34:26 [Melodyne-7AYabdxy] [Wine STDERR] [query interface] In FUnknown::queryInterface(): {0x58E595CC, 0xDB2D4969, 0x8B6AAF8C, 0x36A664E5}
17:34:26 [Melodyne-7AYabdxy] [Wine STDERR] [query interface] In FUnknown::queryInte17:34:26 [Melodyne-7AYabdxy] [Wine STDERR] [unknown interface] In FUnknown::queryInterface(): {0xCC0B7716, 0x362B4EE5, 0x89EE5F41, 0x5458463F}
17:34:26 [Melodyne-7AYabdxy] [Wine STDERR] [unknown interface] In FUnknown::queryInterface(): {0xCEF07C2D, 0x85C843DC, 0xB8C7A67D, 0xC016DC54}
17:34:26 [Melodyne-7AYabdxy] [Wine STDERR] [unknown interface] In FUnknown::queryInterface(): {0xCEF07C2D, 0x85C843DC, 0xB8C7A67D, 0xC016DC54}
17:34:26 [Melodyne-7AYabdxy] [Wine STDERR] [unknown interface] In FUnknown::queryInterface(): {0xEEC89683, 0x80DB4336, 0x9177273E, 0x138A763B}
17:34:26 [Melodyne-7AYabdxy] [Wine STDERR] DETECTED ARA PLUGIN CAPABILITY (ARA::IPlugInEntryPoint)!
17:34:26 [Melodyne-7AYabdxy] [Wine STDERR] DETECTED ARA PLUGIN CAPABILITY (ARA::IPlugInEntryPoint)!
17:34:26 [Melodyne-7AYabdxy] [host <- plugin]    kResultOk
17:34:26 [Melodyne-7AYabdxy] [Wine STDERR] DETECTED ARA2 PLUGIN CAPABILITY (ARA::IPlugInEntryPoint2)!
17:34:26 [Melodyne-7AYabdxy] [query interface] In FUnknown::queryInterface(): {0x42043F99, 0xB7DA453C, 0xA569E79D, 0x9AAEC33D}
17:34:26 [Melodyne-7AYabdxy] [host -> plugin] >> 1: IComponent::getBusCount(type = 0, dir = 0)
17:34:26 [Melodyne-7AYabdxy] [host <- plugin]    1
17:34:26 [Melodyne-7AYabdxy] [host -> plugin] >> 1: IComponent::getBusInfo(type = 0, dir = 0, index = 0, &bus)
17:34:26 [Melodyne-7AYabdxy] [host <- plugin]    kResultOk, <BusInfo for "Main In" with 2 channels, type = 0, flags = 1>
17:34:26 [Melodyne-7AYabdxy] [host -> plugin] >> 1: IAudioProcessor::getBusArrangement(dir = 0, index = 0, &arr)
17:34:26 [Melodyne-7AYabdxy] [host <- plugin]    kResultOk, <SpeakerArrangement: 0b0000000000000000000000000000000000000000000000000000000000000011>
17:34:26 [Melodyne-7AYabdxy] [host -> plugin] >> 1: IComponent::getBusCount(type = 0, dir = 1)
17:34:26 [Melodyne-7AYabdxy] [host <- plugin]    1
17:34:26 [Melodyne-7AYabdxy] [host -> plugin] >> 1: IComponent::getBusInfo(type = 0, dir = 1, index = 0, &bus)
17:34:26 [Melodyne-7AYabdxy] [host <- plugin]    kResultOk, <BusInfo for "Main Out" with 2 channels, type = 0, flags = 1>
17:34:26 [Melodyne-7AYabdxy] [host -> plugin] >> 1: IAudioProcessor::getBusArrangement(dir = 1, index = 0, &arr)
17:34:26 [Melodyne-7AYabdxy] [host <- plugin]    kResultOk, <SpeakerArrangement: 0b0000000000000000000000000000000000000000000000000000000000000011>
17:34:26 [Melodyne-7AYabdxy] [host -> plugin] >> 1: IComponent::getBusCount(type = 1, dir = 0)
17:34:26 [Melodyne-7AYabdxy] [host <- plugin]    0
17:34:26 [Melodyne-7AYabdxy] [host -> plugin] >> 1: IComponent::getBusCount(type = 1, dir = 1)
17:34:26 [Melodyne-7AYabdxy] [host <- plugin]    0
17:34:26 [Melodyne-7AYabdxy] [query interface] In FUnknown::queryInterface(): {0xDCD7BBE3, 0x7742448D, 0xA874AACC, 0x979C759E}
17:34:26 [Melodyne-7AYabdxy] [query interface] In FUnknown::queryInterface(): {0xDCD7BBE3, 0x7742448D, 0xA874AACC, 0x979C759E}
17:34:26 [Melodyne-7AYabdxy] [host -> plugin] >> 1: IEditController::setComponentHandler(handler = <IComponentHandler*>)
17:34:26 [Melodyne-7AYabdxy] [Wine STDERR] [unknown interface] In IComponentHandler::queryInterface(): {0x483E61EA, 0x17994494, 0x8199A35A, 0xEBB35E3C}
17:34:26 [Melodyne-7AYabdxy] [host <- plugin]    kResultOk
17:34:26 [Melodyne-7AYabdxy] [query interface] In FUnknown::queryInterface(): {0x42043F99, 0xB7DA453C, 0xA569E79D, 0x9AAEC33D}
17:34:26 [Melodyne-7AYabdxy] [query interface] In FUnknown::queryInterface(): {0x3D4BD6B5, 0x913A4FD2, 0xA886E768, 0xA5EB92C1}
17:34:26 [Melodyne-7AYabdxy] [query interface] In FUnknown::queryInterface(): {0x8683B01F, 0x7B354F70, 0xA2651DEC, 0x353AF4FF}
17:34:26 [Melodyne-7AYabdxy] [unknown interface] In FUnknown::queryInterface(): {0x6C389611, 0xD391455D, 0xB870B833, 0x94A0EFDD}
17:34:26 [Melodyne-7AYabdxy] [unknown interface] In FUnknown::queryInterface(): {0x7F4EFE59, 0xF3204967, 0xAC27A3AE, 0xAFB63038}
17:34:26 [Melodyne-7AYabdxy] [unknown interface] In FUnknown::queryInterface(): {0xDF0FF9F7, 0x49B74669, 0xB63AB732, 0x7ADBF5E5}
17:34:26 [Melodyne-7AYabdxy] [unknown interface] In FUnknown::queryInterface(): {0x93A0BEA3, 0x0BD045DB, 0x8E890B0C, 0xC1E46AC6}
17:34:26 [Melodyne-7AYabdxy] [unknown interface] In FUnknown::queryInterface(): {0xF040B4B3, 0xA36045EC, 0xABCDC045, 0xB4D5A2CC}
17:34:26 [Melodyne-7AYabdxy] [query interface] In FUnknown::queryInterface(): {0x0F194781, 0x8D984ADA, 0xBBA0C1EF, 0xC011D8D0}
17:34:26 [Melodyne-7AYabdxy] [unknown interface] In FUnknown::queryInterface(): {0x6C389611, 0xD391455D, 0xB870B833, 0x94A0EFDD}
17:34:26 [Melodyne-7AYabdxy] [unknown interface] In FUnknown::queryInterface(): {0x7F4EFE59, 0xF3204967, 0xAC27A3AE, 0xAFB63038}
17:34:26 [Melodyne-7AYabdxy] [unknown interface] In FUnknown::queryInterface(): {0xDF0FF9F7, 0x49B74669, 0xB63AB732, 0x7ADBF5E5}
17:34:26 [Melodyne-7AYabdxy] [unknown interface] In FUnknown::queryInterface(): {0x93A0BEA3, 0x0BD045DB, 0x8E890B0C, 0xC1E46AC6}
17:34:26 [Melodyne-7AYabdxy] [unknown interface] In FUnknown::queryInterface(): {0xF040B4B3, 0xA36045EC, 0xABCDC045, 0xB4D5A2CC}
17:34:26 [Melodyne-7AYabdxy] [unknown interface] In FUnknown::queryInterface(): {0x70A4156F, 0x6E6E4026, 0x989148BF, 0xAA60D8D1}
17:34:26 [Melodyne-7AYabdxy] [unknown interface] In FUnknown::queryInterface(): {0x70A4156F, 0x6E6E4026, 0x989148BF, 0xAA60D8D1}
17:34:26 [Melodyne-7AYabdxy] [host -> plugin] >> 1: ARA::IPlugInEntryPoint::getFactory()
17:34:26 [Melodyne-7AYabdxy] [host <- plugin]    supported
17:34:26 [Melodyne-7AYabdxy] NOTE: ARA::IPlugInEntryPoint::bindToDocumentController() called — forwarding to Windows plugin via IPC
17:34:26 [Melodyne-7AYabdxy] [host -> plugin] >> 1: ARA::IPlugInEntryPoint::bindToDocumentController(documentControllerRef = 0x1)
17:34:26 [Melodyne-7AYabdxy] [Wine STDERR] NOTE: BindToDocumentController handler entered on Wine side (documentControllerRef = 1)
17:34:26 [Melodyne-7AYabdxy] [Wine STDERR] NOTE: BindToDocumentController: calling createDocumentControllerWithDocument()
