17:32:36 [Melodyne-1GILSUbh] Initializing yabridge version fbee6c4b
17:32:36 [Melodyne-1GILSUbh] library:       '/home/samuel/.local/share/yabridge/libyabridge-vst3.so'
17:32:36 [Melodyne-1GILSUbh] host:          '/home/samuel/.local/share/yabridge/yabridge-host.exe'
17:32:36 [Melodyne-1GILSUbh] plugin:        '/home/samuel/.wine/drive_c/Program Files/Common Files/VST3/Celemony/Melodyne/Melodyne.vst3'
17:32:36 [Melodyne-1GILSUbh] plugin type:   'VST3'
17:32:36 [Melodyne-1GILSUbh] realtime:      'no'
17:32:36 [Melodyne-1GILSUbh] sockets:       '/run/user/1000/yabridge-Melodyne-1GILSUbh'
17:32:36 [Melodyne-1GILSUbh] wine prefix:   '/home/samuel/.wine'
17:32:36 [Melodyne-1GILSUbh] wine version:  '9.0 (Ubuntu 9.0~repack-4build3)'
17:32:36 [Melodyne-1GILSUbh] 
17:32:36 [Melodyne-1GILSUbh] config from:   '<defaults>'
17:32:36 [Melodyne-1GILSUbh] hosting mode:  'individually, 64-bit'
17:32:36 [Melodyne-1GILSUbh] other options: '<none>'
17:32:36 [Melodyne-1GILSUbh] 
17:32:36 [Melodyne-1GILSUbh] Enabled features:
17:32:36 [Melodyne-1GILSUbh] - bitbridge support
17:32:36 [Melodyne-1GILSUbh] - CLAP support
17:32:36 [Melodyne-1GILSUbh] - VST3 support
17:32:36 [Melodyne-1GILSUbh] 
17:32:37 [Melodyne-1GILSUbh] [Wine STDERR] Initializing yabridge host version fbee6c4b
17:32:37 [Melodyne-1GILSUbh] [Wine STDERR] Preparing to load VST3 plugin at '/home/samuel/.wine/drive_c/Program Files/Common Files/VST3/Celemony/Melodyne/Melodyne.vst3'
17:32:38 [Melodyne-1GILSUbh] [host -> plugin] >> GetPluginFactory()
17:32:38 [Melodyne-1GILSUbh] [plugin -> host] >> Requesting <Configuration>
17:32:38 [Melodyne-1GILSUbh] [plugin <- host]    <Configuration>
17:32:38 [Melodyne-1GILSUbh] [Wine STDERR] Finished initializing '/home/samuel/.wine/drive_c/Program Files/Common Files/VST3/Celemony/Melodyne/Melodyne.vst3'
17:32:38 [Melodyne-1GILSUbh] [host <- plugin]    <IPluginFactory2* with 2 registered classes>
17:32:38 [Melodyne-1GILSUbh] [unknown interface] In IPluginFactory::queryInterface(): {0x4555A2AB, 0xC1234E57, 0x9B122910, 0x36878931}
17:32:38 [Melodyne-1GILSUbh] [query interface] In IPluginFactory::queryInterface(): {0x0007B650, 0xF24B4C0B, 0xA464EDB9, 0xF00B2ABB}
17:32:38 [Melodyne-1GILSUbh] [host -> plugin] >> IPluginFactory::createInstance(cid = {0x5653544D, 0x6C70676D, 0x656C6F64, 0x796E6520}, _iid = IComponent::iid, &obj)
17:32:38 [Melodyne-1GILSUbh] [Wine STDERR] DETECTED ARA PLUGIN CAPABILITY (ARA::IPlugInEntryPoint)!
17:32:38 [Melodyne-1GILSUbh] [host <- plugin]    <FUnknown* #0>
17:32:38 [Melodyne-1GILSUbh] [host -> plugin] >> 0: IPluginBase::initialize(context = <FUnknown*>)
17:32:38 [Melodyne-1GILSUbh] [Wine STDERR] DETECTED ARA2 PLUGIN CAPABILITY (ARA::IPlugInEntryPoint2)!
17:32:39 [Melodyne-1GILSUbh] [Wine STDERR] [unknown interface] In FUnknown::queryInterface(): {0x97E507DA, 0xE5594EEA, 0xA5AC4042, 0xE458F2B4}
17:32:39 [Melodyne-1GILSUbh] [Wine STDERR] [query interface] In FUnknown::queryInterface(): {0x58E595CC, 0xDB2D4969, 0x8B6AAF8C, 0x36A664E5}
17:32:39 [Melodyne-1GILSUbh] [Wine STDERR] [query interface] In FUnknown::queryInterface(): {0x58E595CC, 0xDB2D4969, 0x8B6AAF8C, 0x36A664E5}
}
17:32:39 [Melodyne-1GILSUbh] [plugin -> host] >> 0: IHostApplication::getName(&name)
17:32:39 [Melodyne-1GILSUbh] [plugin <- host]    kResultOk, "REAPER"
17:32:39 [Melodyne-1GILSUbh] [Wine STDERR] [unknown interface] In FUnknown::queryInterface(): {0xCC0B7716, 0x362B4EE5, 0x89EE5F41, 0x5458463F}
17:32:39 [Melodyne-1GILSUbh] [Wine STDERR] [unknown interface] In FUnknown::queryInterface(): {0xCEF07C2D, 0x85C843DC, 0xB8C7A67D, 0xC016DC54}
17:32:39 [Melodyne-1GILSUbh] [Wine STDERR] [unknown interface] In FUnknown::queryInterface(): {0xCEF07C2D, 0x85C843DC, 0xB8C7A67D, 0xC016DC54}
17:32:39 [Melodyne-1GILSUbh] [Wine STDERR] [unknown interface] In FUnknown::queryInterface(): {0xEEC89683, 0x80DB4336, 0x9177273E, 0x138A763B}
17:32:39 [Melodyne-1GILSUbh] [Wine STDERR] DETECTED ARA PLUGIN CAPABILITY (ARA::IPlugInEntryPoint)!
17:32:39 [Melodyne-1GILSUbh] [Wine STDERR] DETECTED ARA2 PLUGIN CAPABILITY (ARA::IPlugInEntryPoint2)!
17:32:39 [Melodyne-1GILSUbh] [host <- plugin]    kResultOk
17:32:39 [Melodyne-1GILSUbh] [query interface] In FUnknown::queryInterface(): {0x12814E54, 0xA1CE4076, 0x82B96813, 0x16950BD6}
17:32:39 [Melodyne-1GILSUbh] [query interface] In FUnknown::queryInterface(): {0xCD9A5913, 0xC9EB46D7, 0x96CA53AD, 0xD1DB89F5}
17:32:39 [Melodyne-1GILSUbh] [host -> plugin] >> 0: ARA::IPlugInEntryPoint::getFactory()
17:32:39 [Melodyne-1GILSUbh] [host <- plugin]    supported
17:32:39 [Melodyne-1GILSUbh] [host -> plugin] >> 0: ARAFactory::initializeARAWithConfiguration(desiredApiGeneration = 4)
17:32:39 [Melodyne-1GILSUbh] [Wine STDERR] 0114:err:virtual:virtual_setup_exception stack overflow 2112 bytes addr 0x6fffffc80dfa stack 0x207c0 (0x20000-0x21000-0x120000)
